warning: Tag 'DOT_FONTNAME' at line 2695 of file '/tmp/doxyfile.8UpuTe' has become obsolete.
         To avoid this warning please remove this line from your configuration file or upgrade it using "doxygen -u"
warning: Tag 'DOT_FONTSIZE' at line 2696 of file '/tmp/doxyfile.8UpuTe' has become obsolete.
         To avoid this warning please remove this line from your configuration file or upgrade it using "doxygen -u"
warning: Tag 'DOT_TRANSPARENT' at line 2699 of file '/tmp/doxyfile.8UpuTe' has become obsolete.
         To avoid this warning please remove this line from your configuration file or upgrade it using "doxygen -u"
/home/runner/work/hf-internal-interface-wrap/hf-internal-interface-wrap/inc/mcu/stm32/StmI2c.h:9: warning: multiple use of section label 'Usage' while adding section, (first occurrence: /home/runner/work/hf-internal-interface-wrap/hf-internal-interface-wrap/inc/mcu/stm32/StmAdc.h, line 8)
/home/runner/work/hf-internal-interface-wrap/hf-internal-interface-wrap/inc/mcu/stm32/StmLogger.h:10: warning: multiple use of section label 'Usage' while adding section, (first occurrence: /home/runner/work/hf-internal-interface-wrap/hf-internal-interface-wrap/inc/mcu/stm32/StmAdc.h, line 8)
/home/runner/work/hf-internal-interface-wrap/hf-internal-interface-wrap/inc/mcu/stm32/StmNvs.h:11: warning: multiple use of section label 'Usage' while adding section, (first occurrence: /home/runner/work/hf-internal-interface-wrap/hf-internal-interface-wrap/inc/mcu/stm32/StmAdc.h, line 8)
/home/runner/work/hf-internal-interface-wrap/hf-internal-interface-wrap/inc/mcu/stm32/StmSpi.h:10: warning: multiple use of section label 'Usage' while adding section, (first occurrence: /home/runner/work/hf-internal-interface-wrap/hf-internal-interface-wrap/inc/mcu/stm32/StmAdc.h, line 8)
/home/runner/work/hf-internal-interface-wrap/hf-internal-interface-wrap/inc/mcu/stm32/StmTypes.h:19: warning: multiple use of section label 'Usage' while adding section, (first occurrence: /home/runner/work/hf-internal-interface-wrap/hf-internal-interface-wrap/inc/mcu/stm32/StmAdc.h, line 8)
/home/runner/work/hf-internal-interface-wrap/hf-internal-interface-wrap/inc/mcu/esp32/EspTime.h:2: warning: Found non-existing group 'mcu_esp32' for the command '@ingroup', ignoring command
/home/runner/work/hf-internal-interface-wrap/hf-internal-interface-wrap/inc/mcu/stm32/StmTypes.h:2: warning: Found non-existing group 'stm32_types' for the command '@ingroup', ignoring command
error: Project logo 'assets/images/logo.png' specified by PROJECT_LOGO does not exist!
/home/runner/work/hf-internal-interface-wrap/hf-internal-interface-wrap/inc/utils/PlatformMutex.h:7: warning: Unsupported xml/html tag <atomic> found
/home/runner/work/hf-internal-interface-wrap/hf-internal-interface-wrap/inc/utils/PlatformMutex.h:7: warning: Unsupported xml/html tag <cstdint> found
/home/runner/work/hf-internal-interface-wrap/hf-internal-interface-wrap/inc/utils/PlatformMutex.h:34: warning: explicit link request to 'define' could not be resolved
/home/runner/work/hf-internal-interface-wrap/hf-internal-interface-wrap/inc/base/BaseGpio.h:594: warning: argument 'trigger' of command @param is not found in the argument list of BaseGpio::ConfigureInterrupt(hf_gpio_interrupt_trigger_t, InterruptCallback=nullptr, void *=nullptr)
/home/runner/work/hf-internal-interface-wrap/hf-internal-interface-wrap/inc/base/BaseGpio.h:594: warning: argument 'callback' of command @param is not found in the argument list of BaseGpio::ConfigureInterrupt(hf_gpio_interrupt_trigger_t, InterruptCallback=nullptr, void *=nullptr)
/home/runner/work/hf-internal-interface-wrap/hf-internal-interface-wrap/inc/base/BaseGpio.h:594: warning: argument 'user_data' of command @param is not found in the argument list of BaseGpio::ConfigureInterrupt(hf_gpio_interrupt_trigger_t, InterruptCallback=nullptr, void *=nullptr)
/home/runner/work/hf-internal-interface-wrap/hf-internal-interface-wrap/inc/base/BaseGpio.h:632: warning: argument 'status' of command @param is not found in the argument list of BaseGpio::GetInterruptStatus(InterruptStatus &)
/home/runner/work/hf-internal-interface-wrap/hf-internal-interface-wrap/inc/base/BaseGpio.h:623: warning: argument 'timeout_ms' of command @param is not found in the argument list of BaseGpio::WaitForInterrupt(hf_u32_t=0)
/home/runner/work/hf-internal-interface-wrap/hf-internal-interface-wrap/inc/base/BaseTemperature.h:663: warning: argument 'reference_temperature_celsius' of command @param is not found in the argument list of BaseTemperature::Calibrate(float)
/home/runner/work/hf-internal-interface-wrap/hf-internal-interface-wrap/inc/base/BaseTemperature.h:615: warning: argument 'callback' of command @param is not found in the argument list of BaseTemperature::EnableThresholdMonitoring(hf_temp_threshold_callback_t, void *)
/home/runner/work/hf-internal-interface-wrap/hf-internal-interface-wrap/inc/base/BaseTemperature.h:615: warning: argument 'user_data' of command @param is not found in the argument list of BaseTemperature::EnableThresholdMonitoring(hf_temp_threshold_callback_t, void *)
/home/runner/work/hf-internal-interface-wrap/hf-internal-interface-wrap/inc/base/BaseTemperature.h:681: warning: argument 'offset_celsius' of command @param is not found in the argument list of BaseTemperature::GetCalibrationOffset(float *) const
/home/runner/work/hf-internal-interface-wrap/hf-internal-interface-wrap/inc/base/BaseTemperature.h:565: warning: argument 'min_celsius' of command @param is not found in the argument list of BaseTemperature::GetRange(float *, float *) const
/home/runner/work/hf-internal-interface-wrap/hf-internal-interface-wrap/inc/base/BaseTemperature.h:565: warning: argument 'max_celsius' of command @param is not found in the argument list of BaseTemperature::GetRange(float *, float *) const
/home/runner/work/hf-internal-interface-wrap/hf-internal-interface-wrap/inc/base/BaseTemperature.h:584: warning: argument 'resolution_celsius' of command @param is not found in the argument list of BaseTemperature::GetResolution(float *) const
/home/runner/work/hf-internal-interface-wrap/hf-internal-interface-wrap/inc/base/BaseTemperature.h:604: warning: argument 'low_threshold_celsius' of command @param is not found in the argument list of BaseTemperature::GetThresholds(float *, float *) const
/home/runner/work/hf-internal-interface-wrap/hf-internal-interface-wrap/inc/base/BaseTemperature.h:604: warning: argument 'high_threshold_celsius' of command @param is not found in the argument list of BaseTemperature::GetThresholds(float *, float *) const
/home/runner/work/hf-internal-interface-wrap/hf-internal-interface-wrap/inc/base/BaseTemperature.h:672: warning: argument 'offset_celsius' of command @param is not found in the argument list of BaseTemperature::SetCalibrationOffset(float)
/home/runner/work/hf-internal-interface-wrap/hf-internal-interface-wrap/inc/base/BaseTemperature.h:555: warning: argument 'min_celsius' of command @param is not found in the argument list of BaseTemperature::SetRange(float, float)
/home/runner/work/hf-internal-interface-wrap/hf-internal-interface-wrap/inc/base/BaseTemperature.h:555: warning: argument 'max_celsius' of command @param is not found in the argument list of BaseTemperature::SetRange(float, float)
/home/runner/work/hf-internal-interface-wrap/hf-internal-interface-wrap/inc/base/BaseTemperature.h:575: warning: argument 'resolution_celsius' of command @param is not found in the argument list of BaseTemperature::SetResolution(float)
/home/runner/work/hf-internal-interface-wrap/hf-internal-interface-wrap/inc/base/BaseTemperature.h:593: warning: argument 'low_threshold_celsius' of command @param is not found in the argument list of BaseTemperature::SetThresholds(float, float)
/home/runner/work/hf-internal-interface-wrap/hf-internal-interface-wrap/inc/base/BaseTemperature.h:593: warning: argument 'high_threshold_celsius' of command @param is not found in the argument list of BaseTemperature::SetThresholds(float, float)
/home/runner/work/hf-internal-interface-wrap/hf-internal-interface-wrap/inc/base/BaseTemperature.h:634: warning: argument 'sample_rate_hz' of command @param is not found in the argument list of BaseTemperature::StartContinuousMonitoring(hf_u32_t, hf_temp_reading_callback_t, void *)
/home/runner/work/hf-internal-interface-wrap/hf-internal-interface-wrap/inc/base/BaseTemperature.h:634: warning: argument 'callback' of command @param is not found in the argument list of BaseTemperature::StartContinuousMonitoring(hf_u32_t, hf_temp_reading_callback_t, void *)
/home/runner/work/hf-internal-interface-wrap/hf-internal-interface-wrap/inc/base/BaseTemperature.h:634: warning: argument 'user_data' of command @param is not found in the argument list of BaseTemperature::StartContinuousMonitoring(hf_u32_t, hf_temp_reading_callback_t, void *)
/home/runner/work/hf-internal-interface-wrap/hf-internal-interface-wrap/inc/mcu/stm32/StmSpi.h:218: warning: The following parameters of StmSpiBus::ApplyDeviceMode(hf_stm32_spi_mode_t mode, bool io_swap=false, hf_u8_t midi_cycles=15, hf_u32_t clock_speed_hz=0, bool *reconfigured=nullptr) are not documented:
  parameter 'mode'
  parameter 'io_swap'
/home/runner/work/hf-internal-interface-wrap/hf-internal-interface-wrap/inc/mcu/stm32/StmSpi.h:73: warning: unable to resolve reference to 'Transfer:' for \ref command
/home/runner/work/hf-internal-interface-wrap/hf-internal-interface-wrap/inc/mcu/stm32/StmSpi.h:144: warning: The following parameters of StmSpiDevice::TransferLocked(const hf_u8_t *tx_data, hf_u8_t *rx_data, hf_u16_t length, hf_u32_t effective_timeout, bool park_mode3_after=true, bool bus_already_armed=false) are not documented:
  parameter 'tx_data'
  parameter 'rx_data'
  parameter 'length'
  parameter 'effective_timeout'
/home/runner/work/hf-internal-interface-wrap/hf-internal-interface-wrap/inc/mcu/stm32/StmTemperature.h:88: warning: argument 'offset_celsius' of command @param is not found in the argument list of StmTemperature::GetCalibrationOffset(float *) const inherited from member GetCalibrationOffset at line 681 in file /home/runner/work/hf-internal-interface-wrap/hf-internal-interface-wrap/inc/base/BaseTemperature.h
/home/runner/work/hf-internal-interface-wrap/hf-internal-interface-wrap/inc/mcu/stm32/StmTemperature.h:86: warning: argument 'min_celsius' of command @param is not found in the argument list of StmTemperature::GetRange(float *, float *) const inherited from member GetRange at line 565 in file /home/runner/work/hf-internal-interface-wrap/hf-internal-interface-wrap/inc/base/BaseTemperature.h
/home/runner/work/hf-internal-interface-wrap/hf-internal-interface-wrap/inc/mcu/stm32/StmTemperature.h:86: warning: argument 'max_celsius' of command @param is not found in the argument list of StmTemperature::GetRange(float *, float *) const inherited from member GetRange at line 565 in file /home/runner/work/hf-internal-interface-wrap/hf-internal-interface-wrap/inc/base/BaseTemperature.h
/home/runner/work/hf-internal-interface-wrap/hf-internal-interface-wrap/inc/mcu/stm32/StmTemperature.h:87: warning: argument 'offset_celsius' of command @param is not found in the argument list of StmTemperature::SetCalibrationOffset(float) inherited from member SetCalibrationOffset at line 672 in file /home/runner/work/hf-internal-interface-wrap/hf-internal-interface-wrap/inc/base/BaseTemperature.h
/home/runner/work/hf-internal-interface-wrap/hf-internal-interface-wrap/inc/mcu/stm32/StmTemperature.h:85: warning: argument 'min_celsius' of command @param is not found in the argument list of StmTemperature::SetRange(float, float) inherited from member SetRange at line 555 in file /home/runner/work/hf-internal-interface-wrap/hf-internal-interface-wrap/inc/base/BaseTemperature.h
/home/runner/work/hf-internal-interface-wrap/hf-internal-interface-wrap/inc/mcu/stm32/StmTemperature.h:85: warning: argument 'max_celsius' of command @param is not found in the argument list of StmTemperature::SetRange(float, float) inherited from member SetRange at line 555 in file /home/runner/work/hf-internal-interface-wrap/hf-internal-interface-wrap/inc/base/BaseTemperature.h
/home/runner/work/hf-internal-interface-wrap/hf-internal-interface-wrap/inc/base/BaseGpio.h:594: warning: argument 'trigger' of command @param is not found in the argument list of BaseGpio::ConfigureInterrupt(hf_gpio_interrupt_trigger_t, InterruptCallback=nullptr, void *=nullptr)
/home/runner/work/hf-internal-interface-wrap/hf-internal-interface-wrap/inc/base/BaseGpio.h:594: warning: argument 'callback' of command @param is not found in the argument list of BaseGpio::ConfigureInterrupt(hf_gpio_interrupt_trigger_t, InterruptCallback=nullptr, void *=nullptr)
/home/runner/work/hf-internal-interface-wrap/hf-internal-interface-wrap/inc/base/BaseGpio.h:594: warning: argument 'user_data' of command @param is not found in the argument list of BaseGpio::ConfigureInterrupt(hf_gpio_interrupt_trigger_t, InterruptCallback=nullptr, void *=nullptr)
/home/runner/work/hf-internal-interface-wrap/hf-internal-interface-wrap/inc/base/BaseGpio.h:623: warning: argument 'timeout_ms' of command @param is not found in the argument list of BaseGpio::WaitForInterrupt(hf_u32_t=0)
/home/runner/work/hf-internal-interface-wrap/hf-internal-interface-wrap/inc/base/BaseGpio.h:632: warning: argument 'status' of command @param is not found in the argument list of BaseGpio::GetInterruptStatus(InterruptStatus &)
/home/runner/work/hf-internal-interface-wrap/hf-internal-interface-wrap/inc/base/BaseTemperature.h:555: warning: argument 'min_celsius' of command @param is not found in the argument list of BaseTemperature::SetRange(float, float)
/home/runner/work/hf-internal-interface-wrap/hf-internal-interface-wrap/inc/base/BaseTemperature.h:555: warning: argument 'max_celsius' of command @param is not found in the argument list of BaseTemperature::SetRange(float, float)
/home/runner/work/hf-internal-interface-wrap/hf-internal-interface-wrap/inc/base/BaseTemperature.h:565: warning: argument 'min_celsius' of command @param is not found in the argument list of BaseTemperature::GetRange(float *, float *) const
/home/runner/work/hf-internal-interface-wrap/hf-internal-interface-wrap/inc/base/BaseTemperature.h:565: warning: argument 'max_celsius' of command @param is not found in the argument list of BaseTemperature::GetRange(float *, float *) const
/home/runner/work/hf-internal-interface-wrap/hf-internal-interface-wrap/inc/base/BaseTemperature.h:575: warning: argument 'resolution_celsius' of command @param is not found in the argument list of BaseTemperature::SetResolution(float)
/home/runner/work/hf-internal-interface-wrap/hf-internal-interface-wrap/inc/base/BaseTemperature.h:584: warning: argument 'resolution_celsius' of command @param is not found in the argument list of BaseTemperature::GetResolution(float *) const
/home/runner/work/hf-internal-interface-wrap/hf-internal-interface-wrap/inc/base/BaseTemperature.h:593: warning: argument 'low_threshold_celsius' of command @param is not found in the argument list of BaseTemperature::SetThresholds(float, float)
/home/runner/work/hf-internal-interface-wrap/hf-internal-interface-wrap/inc/base/BaseTemperature.h:593: warning: argument 'high_threshold_celsius' of command @param is not found in the argument list of BaseTemperature::SetThresholds(float, float)
/home/runner/work/hf-internal-interface-wrap/hf-internal-interface-wrap/inc/base/BaseTemperature.h:604: warning: argument 'low_threshold_celsius' of command @param is not found in the argument list of BaseTemperature::GetThresholds(float *, float *) const
/home/runner/work/hf-internal-interface-wrap/hf-internal-interface-wrap/inc/base/BaseTemperature.h:604: warning: argument 'high_threshold_celsius' of command @param is not found in the argument list of BaseTemperature::GetThresholds(float *, float *) const
/home/runner/work/hf-internal-interface-wrap/hf-internal-interface-wrap/inc/base/BaseTemperature.h:615: warning: argument 'callback' of command @param is not found in the argument list of BaseTemperature::EnableThresholdMonitoring(hf_temp_threshold_callback_t, void *)
/home/runner/work/hf-internal-interface-wrap/hf-internal-interface-wrap/inc/base/BaseTemperature.h:615: warning: argument 'user_data' of command @param is not found in the argument list of BaseTemperature::EnableThresholdMonitoring(hf_temp_threshold_callback_t, void *)
/home/runner/work/hf-internal-interface-wrap/hf-internal-interface-wrap/inc/base/BaseTemperature.h:634: warning: argument 'sample_rate_hz' of command @param is not found in the argument list of BaseTemperature::StartContinuousMonitoring(hf_u32_t, hf_temp_reading_callback_t, void *)
/home/runner/work/hf-internal-interface-wrap/hf-internal-interface-wrap/inc/base/BaseTemperature.h:634: warning: argument 'callback' of command @param is not found in the argument list of BaseTemperature::StartContinuousMonitoring(hf_u32_t, hf_temp_reading_callback_t, void *)
/home/runner/work/hf-internal-interface-wrap/hf-internal-interface-wrap/inc/base/BaseTemperature.h:634: warning: argument 'user_data' of command @param is not found in the argument list of BaseTemperature::StartContinuousMonitoring(hf_u32_t, hf_temp_reading_callback_t, void *)
/home/runner/work/hf-internal-interface-wrap/hf-internal-interface-wrap/inc/base/BaseTemperature.h:663: warning: argument 'reference_temperature_celsius' of command @param is not found in the argument list of BaseTemperature::Calibrate(float)
/home/runner/work/hf-internal-interface-wrap/hf-internal-interface-wrap/inc/base/BaseTemperature.h:672: warning: argument 'offset_celsius' of command @param is not found in the argument list of BaseTemperature::SetCalibrationOffset(float)
/home/runner/work/hf-internal-interface-wrap/hf-internal-interface-wrap/inc/base/BaseTemperature.h:681: warning: argument 'offset_celsius' of command @param is not found in the argument list of BaseTemperature::GetCalibrationOffset(float *) const
/home/runner/work/hf-internal-interface-wrap/hf-internal-interface-wrap/inc/mcu/stm32/StmSpi.h:218: warning: The following parameters of StmSpiBus::ApplyDeviceMode(hf_stm32_spi_mode_t mode, bool io_swap=false, hf_u8_t midi_cycles=15, hf_u32_t clock_speed_hz=0, bool *reconfigured=nullptr) are not documented:
  parameter 'mode'
  parameter 'io_swap'
/home/runner/work/hf-internal-interface-wrap/hf-internal-interface-wrap/inc/mcu/stm32/StmSpi.h:144: warning: The following parameters of StmSpiDevice::TransferLocked(const hf_u8_t *tx_data, hf_u8_t *rx_data, hf_u16_t length, hf_u32_t effective_timeout, bool park_mode3_after=true, bool bus_already_armed=false) are not documented:
  parameter 'tx_data'
  parameter 'rx_data'
  parameter 'length'
  parameter 'effective_timeout'
/home/runner/work/hf-internal-interface-wrap/hf-internal-interface-wrap/inc/mcu/stm32/StmSpi.h:73: warning: unable to resolve reference to 'Transfer:' for \ref command
/home/runner/work/hf-internal-interface-wrap/hf-internal-interface-wrap/inc/mcu/stm32/StmTemperature.h:85: warning: argument 'min_celsius' of command @param is not found in the argument list of StmTemperature::SetRange(float, float) inherited from member SetRange at line 555 in file /home/runner/work/hf-internal-interface-wrap/hf-internal-interface-wrap/inc/base/BaseTemperature.h
/home/runner/work/hf-internal-interface-wrap/hf-internal-interface-wrap/inc/mcu/stm32/StmTemperature.h:85: warning: argument 'max_celsius' of command @param is not found in the argument list of StmTemperature::SetRange(float, float) inherited from member SetRange at line 555 in file /home/runner/work/hf-internal-interface-wrap/hf-internal-interface-wrap/inc/base/BaseTemperature.h
/home/runner/work/hf-internal-interface-wrap/hf-internal-interface-wrap/inc/mcu/stm32/StmTemperature.h:86: warning: argument 'min_celsius' of command @param is not found in the argument list of StmTemperature::GetRange(float *, float *) const inherited from member GetRange at line 565 in file /home/runner/work/hf-internal-interface-wrap/hf-internal-interface-wrap/inc/base/BaseTemperature.h
/home/runner/work/hf-internal-interface-wrap/hf-internal-interface-wrap/inc/mcu/stm32/StmTemperature.h:86: warning: argument 'max_celsius' of command @param is not found in the argument list of StmTemperature::GetRange(float *, float *) const inherited from member GetRange at line 565 in file /home/runner/work/hf-internal-interface-wrap/hf-internal-interface-wrap/inc/base/BaseTemperature.h
/home/runner/work/hf-internal-interface-wrap/hf-internal-interface-wrap/inc/mcu/stm32/StmTemperature.h:87: warning: argument 'offset_celsius' of command @param is not found in the argument list of StmTemperature::SetCalibrationOffset(float) inherited from member SetCalibrationOffset at line 672 in file /home/runner/work/hf-internal-interface-wrap/hf-internal-interface-wrap/inc/base/BaseTemperature.h
/home/runner/work/hf-internal-interface-wrap/hf-internal-interface-wrap/inc/mcu/stm32/StmTemperature.h:88: warning: argument 'offset_celsius' of command @param is not found in the argument list of StmTemperature::GetCalibrationOffset(float *) const inherited from member GetCalibrationOffset at line 681 in file /home/runner/work/hf-internal-interface-wrap/hf-internal-interface-wrap/inc/base/BaseTemperature.h
/home/runner/work/hf-internal-interface-wrap/hf-internal-interface-wrap/inc/utils/PlatformMutex.h:7: warning: Unsupported xml/html tag <atomic> found
/home/runner/work/hf-internal-interface-wrap/hf-internal-interface-wrap/inc/utils/PlatformMutex.h:7: warning: Unsupported xml/html tag <cstdint> found
/home/runner/work/hf-internal-interface-wrap/hf-internal-interface-wrap/inc/utils/PlatformMutex.h:34: warning: explicit link request to 'define' could not be resolved
